# CEBALERT: incomplete tests of object selector
>>> import param

>>> class P(param.Parameterized):
...     e = param.ObjectSelector(default=5,objects=[5,6,7],check_on_set=True)

>>> p = P(e=6)
>>> p.e
6

>>> try:
...     p.e = 9
... except ValueError:
...     pass
... else:
...     raise AssertionError("Enumeration set outside range.")

>>> try:
...     class Q(param.Parameterized):
...         q = param.ObjectSelector(5,objects=[4],check_on_set=True)
... except ValueError:
...     pass
... else:
...     raise AssertionError("Enumeration created outside range.")

>>> try:
...     class Q(param.Parameterized):
...         q = param.ObjectSelector(5,10,check_on_set=True)
... except TypeError:
...     pass
... else:
...     raise AssertionError("Enumeration created without range.")

