>>> import param

>>> class P(param.Parameterized):
...     e = param.Enumeration(default=5,available=[5,6,7])

>>> p = P(e=6)
>>> p.e
6

>>> try:
...     p.e = 9
... except ValueError:
...     pass
... else:
...     raise AssertionError("Enumeration set outside range.")

>>> try:
...     q = param.Enumeration(5,[4])
... except ValueError:
...     pass
... else:
...     raise AssertionError("Enumeration created outside range.")

>>> try:
...     q = param.Enumeration(5,10)
... except TypeError:
...     pass
... else:
...     raise AssertionError("Enumeration created without range.")

